// Jest Snapshot v1, https://goo.gl/fbAQLP

exports[`Is underlined anchor 1`] = `
.emotion-0 {
  text-decoration: underline;
}

<a
  className="emotion-0"
>
  Link
</a>
`;
