// Jest Snapshot v1, https://goo.gl/fbAQLP

exports[`Renders 1`] = `
.c0 {
  background: #fff;
  position: relative;
  max-width: 100%;
  box-shadow: 0 2px 4px rgba(0,0,0,0.1);
  color: #444;
}

<div
  className="c0"
>
  I am in a card!
</div>
`;
