// Jest Snapshot v1, https://goo.gl/fbAQLP

exports[`Renders 1`] = `
.emotion-0 {
  margin: 0;
  font-weight: 500;
  font-size: 26px;
  line-height: 30px;
}

@media (min-width:768px) {
  .emotion-0 {
    font-size: 36px;
    line-height: 42px;
  }
}

<h1
  className="emotion-0 emotion-1"
>
  Header 1
</h1>
`;
