// Jest Snapshot v1, https://goo.gl/fbAQLP

exports[`Renders 1`] = `
.emotion-0 {
  text-transform: uppercase;
  font-weight: 500;
  font-size: 16px;
  line-height: 22px;
}

.emotion-0:first-child {
  margin-top: 0;
}

@media (min-width:768px) {
  .emotion-0 {
    font-size: 20px;
    line-height: 26px;
  }
}

<h3
  className="emotion-0 emotion-1"
>
  Header 3
</h3>
`;
