// Jest Snapshot v1, https://goo.gl/fbAQLP

exports[`Renders 1`] = `
.emotion-0 {
  float: right;
  font-size: 12px;
  padding: 0 0 5px 5px;
}

@media (min-width:768px) {
  .emotion-0 {
    font-size: 14px;
  }
}

<a
  className="emotion-0"
>
  More
</a>
`;
