// Jest Snapshot v1, https://goo.gl/fbAQLP

exports[`Renders 1`] = `
.emotion-0 {
  border: 0px;
  -webkit-clip: rect(0 0 0 0);
  clip: rect(0 0 0 0);
  -webkit-clip-path: inset(50%);
  clip-path: inset(50%);
  height: 1px;
  margin: -1px;
  overflow: hidden;
  padding: 0px;
  position: absolute;
  white-space: nowrap;
  width: 1px;
}

<span
  className="emotion-0"
>
  Screen reader only
</span>
`;
